//! calculate
//! --enable-tuples calculate
//! --enable-tuples --tuples-require-parens calculate
//! --enable-tuples --tuples-require-parens --use-parser-tuples calculate
(top
  {}
  (infix-calculation
    {}
    (infix-output
      (infix-string 1:x)
      (infix-literal
        (infix-float 10:-11.700000)))
    (infix-output
      (infix-string 1:y)
      (infix-literal
        (infix-float 10:-32.440000)))))
