//! --enable-tuples --tuples-require-parens calculate
//! --enable-tuples --tuples-require-parens --use-parser-tuples calculate
(top
  {}
  (infix-calculation
    {}
    (infix-output
      (infix-string 2:())
      (infix-literal
        (infix-tuple)))))
